Microchip MPLAB XC8 Compiler V2.20

Linker command line:

-W-3 --edf=C:\Program Files\Microchip\xc8\v2.20\pic\dat\en_msgs.txt -cn \
  -h+dist/default/production\Electric_Heater.X.production.sym \
  --cmf=dist/default/production\Electric_Heater.X.production.cmf -z \
  -Q16F877A -oC:\Users\m_sol\AppData\Local\Temp\sl4k.2 \
  --defsym=__MPLAB_BUILD=1 \
  -Mdist/default/production/Electric_Heater.X.production.map -E1 \
  -ver=XC8 Compiler --acfsm=1493 -ASTACK=0110h-016Fh -pstack=STACK \
  -ACODE=00h-07FFhx4 -ASTRCODE=00h-01FFFh -ASTRING=00h-0FFhx32 \
  -ACONST=00h-0FFhx32 -AENTRY=00h-0FFhx32 -ACOMMON=070h-07Fh \
  -ABANK0=020h-06Fh -ABANK1=0A0h-0EFh -ABANK2=0110h-016Fh \
  -ABANK3=0190h-01EFh -ARAM=020h-06Fh,0A0h-0EFh,0110h-016Fh,0190h-01EFh \
  -AABS1=020h-07Fh,0A0h-0EFh,0110h-016Fh,0190h-01EFh -ASFR0=00h-01Fh \
  -ASFR1=080h-09Fh -ASFR2=0100h-010Fh -ASFR3=0180h-018Fh \
  -ACONFIG=02007h-02007h -DCONFIG=2 -AIDLOC=02000h-02003h -DIDLOC=2 \
  -preset_vec=00h,intentry=04h,init,end_init -ppowerup=CODE -pcinit=CODE \
  -pfunctab=ENTRY -AEEDATA=00h-0FFh/02100h -peeprom_data=EEDATA -DEEDATA=2 \
  -DCODE=2 -DSTRCODE=2 -DSTRING=2 -DCONST=2 -DENTRY=2 -k \
  C:\Users\m_sol\AppData\Local\Temp\sl4k.o \
  dist/default/production\Electric_Heater.X.production.o 

Object code version is 3.11

Machine type is 16F877A



                Name                               Link     Load   Length Selector   Space Scale
C:\Users\m_sol\AppData\Local\Temp\sl4k.o
                end_init                             12       12        3        8       0
                reset_vec                             0        0        3        0       0
                config                             2007     2007        1        0       4
dist/default/production\Electric_Heater.X.production.o
                cinit                                15       15       2A        8       0
                functab                              3F       3F        F       7E       0
                intentry                              4        4        E        8       0
                config                             2007     2007        1        0       4
                text62                             16B5     16B5       15     2D6A       0
                text61                              CEE      CEE       A3     19DC       0
                text60                             179C     179C       32     2F38       0
                text59                             167B     167B        D     2CF6       0
                text58                             1627     1627        C     2C4E       0
                text57                             1633     1633        C     2C66       0
                text56                             163F     163F        C     2C7E       0
                text55                             1727     1727       1B     2E4E       0
                text54                             1688     1688        D     2D10       0
                text53                             16DF     16DF       17     2DBE       0
                text52                              8F7      8F7       49     11EE       0
                text51                             15F5     15F5        9     2BEA       0
                text50                             16F6     16F6       17     2DEC       0
                text49                              BE0      BE0       7A     17C0       0
                text48                             176B     176B       31     2ED6       0
                text47                              A97      A97       69     152E       0
                text46                              9DC      9DC       5B     13B8       0
                text45                              98D      98D       4F     131A       0
                text44                             1611     1611        B     2C22       0
                text43                              A37      A37       60     146E       0
                text42                              87B      87B       36     10F6       0
                text41                              812      812       34     1024       0
                text40                              7BD      7BD       36       9C       0
                text39                              8B1      8B1       46     1162       0
                text38                              846      846       35     108C       0
                text37                             15C9     15C9        7     2B92       0
                text36                             15A9     15A9        4     2B52       0
                text35                             15D0     15D0        7     2BA0       0
                text34                              B6C      B6C       74     16D8       0
                text33                              3AF      3AF      1DD       9C       0
                text32                             1742     1742       29     2E84       0
                text31                               4E       4E      361       9C       0
                text30                              C5A      C5A       94     18B4       0
                text29                              E42      E42       BC     1C84       0
                text28                              D91      D91       B1     1B22       0
                text27                             15D7     15D7        7     2BAE       0
                text26                             15AD     15AD        4     2B5A       0
                text25                             15DE     15DE        7     2BBC       0
                text24                             15B1     15B1        4     2B62       0
                text23                              EFE      EFE      102     1DFC       0
                text22                              6FF      6FF       BE       9C       0
                text21                              940      940       4D     1280       0
                text20                              B00      B00       6C     1600       0
                text19                             15A7     15A7        2     2B4E       0
                text18                             164B     164B        C     2C96       0
                text17                              801      801       11     1002       0
                text16                             15B5     15B5        4     2B6A       0
                text15                             17CE     17CE       32     2F9C       0
                text14                             15E5     15E5        8     2BCA       0
                text13                             15BD     15BD        6     2B7A       0
                text12                             15C3     15C3        6     2B86       0
                text11                             1607     1607        A     2C0E       0
                text10                             1695     1695        D     2D2A       0
                text9                               7F3      7F3        D       9C       0
                text8                              161C     161C        B     2C38       0
                text7                              1657     1657        C     2CAE       0
                text6                              16A2     16A2       13     2D44       0
                text5                              15FE     15FE        9     2BFC       0
                text4                              1663     1663        C     2CC6       0
                text3                              166F     166F        C     2CDE       0
                text2                              16CA     16CA       15     2D94       0
                text1                              170D     170D       1A     2E1A       0
                maintext                            58C      58C      173       9C       0
                cstackBANK0                          20       20       50       20       1
                cstackCOMMON                         70       70        B       70       1
                cstackBANK1                          D2       D2       14       A0       1
                clrtext                            15ED     15ED        8     2BDA       0
                dataBANK1                            E6       E6        4       A0       1
                bssBANK1                             A0       A0       32       A0       1
                bssCOMMON                            7B       7B        3       70       1
                strings                            1000     1000       1A     2000       0
                idataBANK1                         15B9     15B9        4     2B72       0

TOTAL           Name                               Link     Load   Length     Space
        CLASS   STACK          

        CLASS   CODE           
                end_init                             12       12        3         0
                cinit                                15       15       2A         0
                intentry                              4        4        E         0
                reset_vec                             0        0        3         0
                text62                             16B5     16B5       15         0
                text61                              CEE      CEE       A3         0
                text60                             179C     179C       32         0
                text59                             167B     167B        D         0
                text58                             1627     1627        C         0
                text57                             1633     1633        C         0
                text56                             163F     163F        C         0
                text55                             1727     1727       1B         0
                text54                             1688     1688        D         0
                text53                             16DF     16DF       17         0
                text52                              8F7      8F7       49         0
                text51                             15F5     15F5        9         0
                text50                             16F6     16F6       17         0
                text49                              BE0      BE0       7A         0
                text48                             176B     176B       31         0
                text47                              A97      A97       69         0
                text46                              9DC      9DC       5B         0
                text45                              98D      98D       4F         0
                text44                             1611     1611        B         0
                text43                              A37      A37       60         0
                text42                              87B      87B       36         0
                text41                              812      812       34         0
                text40                              7BD      7BD       36         0
                text39                              8B1      8B1       46         0
                text38                              846      846       35         0
                text37                             15C9     15C9        7         0
                text36                             15A9     15A9        4         0
                text35                             15D0     15D0        7         0
                text34                              B6C      B6C       74         0
                text33                              3AF      3AF      1DD         0
                text32                             1742     1742       29         0
                text31                               4E       4E      361         0
                text30                              C5A      C5A       94         0
                text29                              E42      E42       BC         0
                text28                              D91      D91       B1         0
                text27                             15D7     15D7        7         0
                text26                             15AD     15AD        4         0
                text25                             15DE     15DE        7         0
                text24                             15B1     15B1        4         0
                text23                              EFE      EFE      102         0
                text22                              6FF      6FF       BE         0
                text21                              940      940       4D         0
                text20                              B00      B00       6C         0
                text19                             15A7     15A7        2         0
                text18                             164B     164B        C         0
                text17                              801      801       11         0
                text16                             15B5     15B5        4         0
                text15                             17CE     17CE       32         0
                text14                             15E5     15E5        8         0
                text13                             15BD     15BD        6         0
                text12                             15C3     15C3        6         0
                text11                             1607     1607        A         0
                text10                             1695     1695        D         0
                text9                               7F3      7F3        D         0
                text8                              161C     161C        B         0
                text7                              1657     1657        C         0
                text6                              16A2     16A2       13         0
                text5                              15FE     15FE        9         0
                text4                              1663     1663        C         0
                text3                              166F     166F        C         0
                text2                              16CA     16CA       15         0
                text1                              170D     170D       1A         0
                maintext                            58C      58C      173         0
                clrtext                            15ED     15ED        8         0
                idataBANK1                         15B9     15B9        4         0

        CLASS   STRCODE        

        CLASS   STRING         
                strings                            1000     1000       1A         0

        CLASS   CONST          

        CLASS   ENTRY          
                functab                              3F       3F        F         0

        CLASS   COMMON         
                cstackCOMMON                         70       70        B         1
                bssCOMMON                            7B       7B        3         1

        CLASS   BANK0          
                cstackBANK0                          20       20       50         1

        CLASS   BANK1          
                cstackBANK1                          D2       D2       14         1
                dataBANK1                            E6       E6        4         1
                bssBANK1                             A0       A0       32         1

        CLASS   BANK2          

        CLASS   BANK3          

        CLASS   RAM            

        CLASS   ABS1           
                abs_s1                               7E       7E        2         1

        CLASS   SFR0           

        CLASS   SFR1           

        CLASS   SFR2           

        CLASS   SFR3           

        CLASS   CONFIG         
                config                             2007     2007        1         4

        CLASS   IDLOC          

        CLASS   EEDATA         



SEGMENTS        Name                           Load    Length   Top    Selector   Space  Class     Delta

                reset_vec                      000000  000003  000003         0       0  CODE        2
                intentry                       000004  00003B  00003F         8       0  CODE        2
                cstackBANK0                    000020  000050  000070        20       1  BANK0       1
                cstackCOMMON                   000070  00000E  00007E        70       1  COMMON      1
                functab                        00003F  00000F  00004E        7E       0  ENTRY       2
                text31                         00004E  0007B2  000800        9C       0  CODE        2
                bssBANK1                       0000A0  00004A  0000EA        A0       1  BANK1       1
                text17                         000801  000011  000812      1002       0  CODE        2
                text41                         000812  000034  000846      1024       0  CODE        2
                text38                         000846  000035  00087B      108C       0  CODE        2
                text42                         00087B  000036  0008B1      10F6       0  CODE        2
                text39                         0008B1  000046  0008F7      1162       0  CODE        2
                text52                         0008F7  000049  000940      11EE       0  CODE        2
                text21                         000940  00004D  00098D      1280       0  CODE        2
                text45                         00098D  00004F  0009DC      131A       0  CODE        2
                text46                         0009DC  00005B  000A37      13B8       0  CODE        2
                text43                         000A37  000060  000A97      146E       0  CODE        2
                text47                         000A97  000069  000B00      152E       0  CODE        2
                text20                         000B00  00006C  000B6C      1600       0  CODE        2
                text34                         000B6C  000074  000BE0      16D8       0  CODE        2
                text49                         000BE0  00007A  000C5A      17C0       0  CODE        2
                text30                         000C5A  000094  000CEE      18B4       0  CODE        2
                text61                         000CEE  0000A3  000D91      19DC       0  CODE        2
                text28                         000D91  0000B1  000E42      1B22       0  CODE        2
                text29                         000E42  0000BC  000EFE      1C84       0  CODE        2
                text23                         000EFE  000102  001000      1DFC       0  CODE        2
                strings                        001000  00001A  00101A      2000       0  STRING      2
                text19                         0015A7  000002  0015A9      2B4E       0  CODE        2
                text36                         0015A9  000004  0015AD      2B52       0  CODE        2
                text26                         0015AD  000004  0015B1      2B5A       0  CODE        2
                text24                         0015B1  000004  0015B5      2B62       0  CODE        2
                text16                         0015B5  000004  0015B9      2B6A       0  CODE        2
                idataBANK1                     0015B9  000004  0015BD      2B72       0  CODE        2
                text13                         0015BD  000006  0015C3      2B7A       0  CODE        2
                text12                         0015C3  000006  0015C9      2B86       0  CODE        2
                text37                         0015C9  000007  0015D0      2B92       0  CODE        2
                text35                         0015D0  000007  0015D7      2BA0       0  CODE        2
                text27                         0015D7  000007  0015DE      2BAE       0  CODE        2
                text25                         0015DE  000007  0015E5      2BBC       0  CODE        2
                text14                         0015E5  000008  0015ED      2BCA       0  CODE        2
                clrtext                        0015ED  000008  0015F5      2BDA       0  CODE        2
                text51                         0015F5  000009  0015FE      2BEA       0  CODE        2
                text5                          0015FE  000009  001607      2BFC       0  CODE        2
                text11                         001607  00000A  001611      2C0E       0  CODE        2
                text44                         001611  00000B  00161C      2C22       0  CODE        2
                text8                          00161C  00000B  001627      2C38       0  CODE        2
                text58                         001627  00000C  001633      2C4E       0  CODE        2
                text57                         001633  00000C  00163F      2C66       0  CODE        2
                text56                         00163F  00000C  00164B      2C7E       0  CODE        2
                text18                         00164B  00000C  001657      2C96       0  CODE        2
                text7                          001657  00000C  001663      2CAE       0  CODE        2
                text4                          001663  00000C  00166F      2CC6       0  CODE        2
                text3                          00166F  00000C  00167B      2CDE       0  CODE        2
                text59                         00167B  00000D  001688      2CF6       0  CODE        2
                text54                         001688  00000D  001695      2D10       0  CODE        2
                text10                         001695  00000D  0016A2      2D2A       0  CODE        2
                text6                          0016A2  000013  0016B5      2D44       0  CODE        2
                text62                         0016B5  000015  0016CA      2D6A       0  CODE        2
                text2                          0016CA  000015  0016DF      2D94       0  CODE        2
                text53                         0016DF  000017  0016F6      2DBE       0  CODE        2
                text50                         0016F6  000017  00170D      2DEC       0  CODE        2
                text1                          00170D  00001A  001727      2E1A       0  CODE        2
                text55                         001727  00001B  001742      2E4E       0  CODE        2
                text32                         001742  000029  00176B      2E84       0  CODE        2
                text48                         00176B  000031  00179C      2ED6       0  CODE        2
                text60                         00179C  000032  0017CE      2F38       0  CODE        2
                text15                         0017CE  000032  001800      2F9C       0  CODE        2


UNUSED ADDRESS RANGES

        Name                Unused          Largest block    Delta
        BANK1            00EA-00EF              6           1
        BANK2            0110-016F             60           1
        BANK3            0190-01EF             60           1
        CODE             0003-0003              1           2
                         0800-0800              1
                         101A-15A6            58D
                         1800-1FFF            800
        CONST            0003-0003              1           2
                         0800-0800              1
                         101A-15A6            100
                         1800-1FFF            100
        EEDATA           2100-21FF            100           2
        ENTRY            0003-0003              1           2
                         0800-0800              1
                         101A-15A6            100
                         1800-1FFF            100
        IDLOC            2000-2003              4           2
        RAM              00EA-00EF              6           1
                         0110-016F             60
                         0190-01EF             60
        SFR0             0000-001F             20           1
        SFR1             0080-009F             20           1
        SFR2             0100-010F             10           1
        SFR3             0180-018F             10           1
        STACK            0110-016F             60           1
        STRCODE          0003-0003              1           2
                         0800-0800              1
                         101A-15A6            58D
                         1800-1FFF            800
        STRING           0003-0003              1           2
                         0800-0800              1
                         101A-15A6            100
                         1800-1FFF            100

                                  Symbol Table

?_ADC_get_Sample                   cstackBANK0  0020
?__Umul8_16                        cstackBANK0  0020
?___awdiv                          cstackBANK0  0020
?___awmod                          cstackBANK0  0020
?___fldiv                          cstackBANK0  004F
?___flmul                          cstackBANK0  0035
?___fltol                          cstackBANK0  0069
?___lwdiv                          cstackBANK0  0020
?___xxtofl                         cstackBANK0  0027
ADC_get_Sample@ADC_channel         cstackBANK0  0026
Calc_avg_reading@avg_arr           cstackBANK0  002C
Calc_avg_reading@count             cstackBANK0  002D
Calc_avg_reading@sum_temp          cstackBANK0  002A
EEPROM_Read@Data                   cstackBANK0  0024
EEPROM_Read@add                    cstackBANK0  0022
EEPROM_Write@add                   cstackBANK0  0022
EEPROM_Write@data                  cstackBANK0  0024
I2C_Master_Write@Data              cstackBANK0  0021
SCH_Add_Task@Delay                 cstackBANK0  0023
SCH_Add_Task@Index                 cstackBANK0  0028
SCH_Add_Task@Period                cstackBANK0  0025
SCH_Add_Task@ptr_fun               cstackBANK0  0027
SCH_Delete_Task@Task_Index         cstackBANK0  0023
SCH_Dispatch_Tasks@Index           cstackBANK0  006F
SCH_Update_Task@Index              cstackCOMMON 0075
SCH_init_TMR1@i                    cstackBANK0  0024
SSD_print_2dig@val                 cstackBANK0  002A
SSD_update@digit                   bssCOMMON    007B
Temp_Sens_Task@reading_count       bssBANK1     00BA
_ADCON0                            (abs)        001F
_ADCON1                            (abs)        009F
_ADC_get_Sample                    text34       0B6C
_ADC_init                          text6        16A2
_ADRESH                            (abs)        001E
_ADRESL                            (abs)        009E
_Calc_avg_reading                  text38       0846
_DISPLAY_TASK                      text21       0940
_DISPLAY_TASK_init                 text13       15BD
_DOWN_SW_pressed_st                bssCOMMON    007C
_DOWN_Sw_blocked_G                 bssBANK1     00C1
_DOWN_Sw_press_duration_G          bssBANK1     00C3
_DOWN_switch_update                text42       087B
_DelayCount                        bssBANK1     00B2
_EEPROM_Read                       text52       08F7
_EEPROM_Write                      text41       0812
_ERROR_Code                        bssBANK1     00BF
_EXT_INT_RB0_EN                    text12       15C3
_EXT_INT_RB0_init                  text11       1607
_First_Reading_flag                bssBANK1     00BD
_GOTO_SLEEP                        text51       15F5
_Heating_Cooling_state             bssBANK1     00BE
_I2C_Master_Init                   text10       1695
_I2C_Master_RepeatedStart          text58       1627
_I2C_Master_Start                  text57       1633
_I2C_Master_Stop                   text56       163F
_I2C_Master_Wait                   text59       167B
_I2C_Master_Write                  text55       1727
_I2C_NACK                          text54       1688
_I2C_Read_Byte                     text53       16DF
_INTCON                            (abs)        000B
_ISR                               text60       179C
_LED_heating_time                  bssBANK1     00BC
_LED_init                          text7        1657
_LED_off                           text37       15C9
_LED_on                            text36       15A9
_LED_tog                           text35       15D0
_LM35_Read_Temp                    text28       0D91
_LM35_Read_Temp$1135               cstackBANK1  00DA
_LM35_init                         text5        15FE
_OPTION_REG                        (abs)        0081
_PIE1                              (abs)        008C
_PIR1                              (abs)        000C
_PIR1bits                          (abs)        000C
_PORTA                             (abs)        0005
_PORTB                             (abs)        0006
_PORTC                             (abs)        0007
_PORTD                             (abs)        0008
_PORTE                             (abs)        0009
_Read_Button_state                 bssBANK1     00B9
_SCH_Add_Task                      text49       0BE0
_SCH_Delete_Task                   text43       0A37
_SCH_Dispatch_Tasks                text20       0B00
_SCH_Start                         text19       15A7
_SCH_Update_Task                   text61       0CEE
_SCH_init_TMR1                     text15       17CE
_SCH_tasks                         bssBANK1     00A0
_SLEEP_flag                        bssBANK1     00C7
_SSD_Data                          dataBANK1    00E6
_SSD_blinking_time                 bssBANK1     00B7
_SSD_codes                         strings      1006
_SSD_init                          text14       15E5
_SSD_print_2dig                    text45       098D
_SSD_turn_off                      text44       1611
_SSD_update                        text48       176B
_SSPADD                            (abs)        0093
_SSPBUF                            (abs)        0013
_SSPCON                            (abs)        0014
_SSPCON2                           (abs)        0091
_SSPCON2bits                       (abs)        0091
_SSPSTAT                           (abs)        0094
_SYSTEM_STATE_UPDATE_TASK          text22       06FF
_SYSTEM_UPDATE_init                text8        161C
_SYSTEM_init                       text1        170D
_Set_temp                          bssBANK1     00C6
_System_state                      dataBANK1    00E8
_T1CON                             (abs)        0010
_TMR1                              (abs)        000E
_TMR1_OVFINT_init                  text18       164B
_TMR1_init                         text17       0801
_TMR1_start                        text16       15B5
_TRISA                             (abs)        0085
_TRISB                             (abs)        0086
_TRISC                             (abs)        0087
_TRISCbits                         (abs)        0087
_TRISD                             (abs)        0088
_Temp_Sens_Task                    text23       0EFE
_Temp_Sens_Task_init               text2        16CA
_Timeout_button                    bssBANK1     00B8
_UP_SW_pressed_st                  bssCOMMON    007D
_UP_Sw_blocked_G                   bssBANK1     00C2
_UP_Sw_press_duration_G            bssBANK1     00C4
_UP_switch_update                  text40       07BD
__Habs1                            abs1         0000
__Hbank0                           bank0        0000
__Hbank1                           bank1        0000
__Hbank2                           bank2        0000
__Hbank3                           bank3        0000
__HbssBANK1                        bssBANK1     0000
__HbssCOMMON                       bssCOMMON    0000
__Hcinit                           cinit        003F
__Hclrtext                         clrtext      0000
__Hcode                            code         0000
__Hcommon                          common       0000
__Hconfig                          config       2008
__HcstackBANK0                     cstackBANK0  0000
__HcstackBANK1                     cstackBANK1  0000
__HcstackCOMMON                    cstackCOMMON 0000
__HdataBANK1                       dataBANK1    0000
__Heeprom_data                     eeprom_data  0000
__Hend_init                        end_init     0015
__Hfunctab                         functab      004E
__HidataBANK1                      idataBANK1   0000
__Hinit                            init         0012
__Hintentry                        intentry     0012
__Hmaintext                        maintext     0000
__Hpowerup                         powerup      0000
__Hram                             ram          0000
__Hreset_vec                       reset_vec    0003
__Hsfr0                            sfr0         0000
__Hsfr1                            sfr1         0000
__Hsfr2                            sfr2         0000
__Hsfr3                            sfr3         0000
__Hspace_0                         (abs)        1800
__Hspace_1                         (abs)        00EA
__Hspace_2                         (abs)        0000
__Hspace_3                         (abs)        0000
__Hspace_4                         (abs)        400F
__Hstack                           stack        0000
__Hstrings                         strings      0000
__Htext                            text         0000
__Labs1                            abs1         0000
__Lbank0                           bank0        0000
__Lbank1                           bank1        0000
__Lbank2                           bank2        0000
__Lbank3                           bank3        0000
__LbssBANK1                        bssBANK1     0000
__LbssCOMMON                       bssCOMMON    0000
__Lcinit                           cinit        0015
__Lclrtext                         clrtext      0000
__Lcode                            code         0000
__Lcommon                          common       0000
__Lconfig                          config       0000
__LcstackBANK0                     cstackBANK0  0000
__LcstackBANK1                     cstackBANK1  0000
__LcstackCOMMON                    cstackCOMMON 0000
__LdataBANK1                       dataBANK1    0000
__Leeprom_data                     eeprom_data  0000
__Lend_init                        end_init     0012
__Lfunctab                         functab      003F
__LidataBANK1                      idataBANK1   0000
__Linit                            init         0012
__Lintentry                        intentry     0004
__Lmaintext                        maintext     0000
__Lpowerup                         powerup      0000
__Lram                             ram          0000
__Lreset_vec                       reset_vec    0000
__Lsfr0                            sfr0         0000
__Lsfr1                            sfr1         0000
__Lsfr2                            sfr2         0000
__Lsfr3                            sfr3         0000
__Lspace_0                         (abs)        0000
__Lspace_1                         (abs)        0000
__Lspace_2                         (abs)        0000
__Lspace_3                         (abs)        0000
__Lspace_4                         (abs)        0000
__Lstack                           stack        0000
__Lstrings                         strings      0000
__Ltext                            text         0000
__S0                               (abs)        1800
__S1                               (abs)        00EA
__S2                               (abs)        0000
__S3                               (abs)        0000
__Umul8_16                         text32       1742
__Umul8_16@multiplicand            cstackBANK0  0020
__Umul8_16@multiplier              cstackBANK0  0028
__Umul8_16@product                 cstackBANK0  0024
__Umul8_16@word_mpld               cstackBANK0  0026
___awdiv                           text47       0A97
___awdiv@counter                   cstackBANK0  0024
___awdiv@dividend                  cstackBANK0  0022
___awdiv@divisor                   cstackBANK0  0020
___awdiv@quotient                  cstackBANK0  0026
___awdiv@sign                      cstackBANK0  0025
___awmod                           text46       09DC
___awmod@counter                   cstackBANK0  0024
___awmod@dividend                  cstackBANK0  0022
___awmod@divisor                   cstackBANK0  0020
___awmod@sign                      cstackBANK0  0025
___bmul                            text50       16F6
___bmul@multiplicand               cstackBANK0  0020
___bmul@multiplier                 cstackBANK0  0022
___bmul@product                    cstackBANK0  0021
___fldiv                           text33       03AF
___fldiv@a                         cstackBANK0  004F
___fldiv@aexp                      cstackBANK0  0068
___fldiv@b                         cstackBANK0  0053
___fldiv@bexp                      cstackBANK0  0067
___fldiv@grs                       cstackBANK0  0063
___fldiv@new_exp                   cstackBANK0  0061
___fldiv@rem                       cstackBANK0  005C
___fldiv@sign                      cstackBANK0  0060
___flmul                           text31       004E
___flmul@a                         cstackBANK0  0039
___flmul@aexp                      cstackBANK0  0047
___flmul@b                         cstackBANK0  0035
___flmul@bexp                      cstackBANK0  0048
___flmul@grs                       cstackBANK0  0043
___flmul@prod                      cstackBANK0  0049
___flmul@sign                      cstackBANK0  0042
___flmul@temp                      cstackBANK0  004D
___fltol                           text30       0C5A
___fltol@exp1                      cstackBANK0  006E
___fltol@f1                        cstackBANK0  0069
___fltol@sign1                     cstackBANK0  006D
___int_sp                          stack        0000
___latbits                         (abs)        0002
___lwdiv                           text39       08B1
___lwdiv@counter                   cstackBANK0  0026
___lwdiv@dividend                  cstackBANK0  0022
___lwdiv@divisor                   cstackBANK0  0020
___lwdiv@quotient                  cstackBANK0  0024
___sp                              stack        0000
___stackhi                         (abs)        0000
___stacklo                         (abs)        0000
___xxtofl                          text29       0E42
___xxtofl@arg                      cstackBANK0  0031
___xxtofl@exp                      cstackBANK0  0030
___xxtofl@sign                     cstackBANK0  002F
___xxtofl@val                      cstackBANK0  0027
__end_of_ADC_get_Sample            text34       0BE0
__end_of_ADC_init                  text6        16B5
__end_of_Calc_avg_reading          text38       087B
__end_of_DISPLAY_TASK              text21       098D
__end_of_DISPLAY_TASK_init         text13       15C3
__end_of_DOWN_switch_update        text42       08B1
__end_of_EEPROM_Read               text52       0940
__end_of_EEPROM_Write              text41       0846
__end_of_EXT_INT_RB0_EN            text12       15C9
__end_of_EXT_INT_RB0_init          text11       1611
__end_of_GOTO_SLEEP                text51       15FE
__end_of_I2C_Master_Init           text10       16A2
__end_of_I2C_Master_RepeatedStart  text58       1633
__end_of_I2C_Master_Start          text57       163F
__end_of_I2C_Master_Stop           text56       164B
__end_of_I2C_Master_Wait           text59       1688
__end_of_I2C_Master_Write          text55       1742
__end_of_I2C_NACK                  text54       1695
__end_of_I2C_Read_Byte             text53       16F6
__end_of_ISR                       text60       17CE
__end_of_LED_init                  text7        1663
__end_of_LED_off                   text37       15D0
__end_of_LED_on                    text36       15AD
__end_of_LED_tog                   text35       15D7
__end_of_LM35_Read_Temp            text28       0E42
__end_of_LM35_init                 text5        1607
__end_of_SCH_Add_Task              text49       0C5A
__end_of_SCH_Delete_Task           text43       0A97
__end_of_SCH_Dispatch_Tasks        text20       0B6C
__end_of_SCH_Start                 text19       15A9
__end_of_SCH_Update_Task           text61       0D91
__end_of_SCH_init_TMR1             text15       1800
__end_of_SSD_codes                 strings      101A
__end_of_SSD_init                  text14       15ED
__end_of_SSD_print_2dig            text45       09DC
__end_of_SSD_turn_off              text44       161C
__end_of_SSD_update                text48       179C
__end_of_SYSTEM_STATE_UPDATE_TASK  text22       07BD
__end_of_SYSTEM_UPDATE_init        text8        1627
__end_of_SYSTEM_init               text1        1727
__end_of_TMR1_OVFINT_init          text18       1657
__end_of_TMR1_init                 text17       0812
__end_of_TMR1_start                text16       15B9
__end_of_Temp_Sens_Task            text23       1000
__end_of_Temp_Sens_Task_init       text2        16DF
__end_of_UP_switch_update          text40       07F3
__end_of__Umul8_16                 text32       176B
__end_of___awdiv                   text47       0B00
__end_of___awmod                   text46       0A37
__end_of___bmul                    text50       170D
__end_of___fldiv                   text33       058C
__end_of___flmul                   text31       03AF
__end_of___fltol                   text30       0CEE
__end_of___lwdiv                   text39       08F7
__end_of___xxtofl                  text29       0EFE
__end_of__fptable                  functab      004E
__end_of__initialization           cinit        003B
__end_of__stringtab                strings      1006
__end_of_cooler_init               text4        166F
__end_of_cooler_off                text27       15DE
__end_of_cooler_on                 text26       15B1
__end_of_heater_init               text3        167B
__end_of_heater_off                text25       15E5
__end_of_heater_on                 text24       15B5
__end_of_keyboard_init             text9        0800
__end_of_main                      maintext     06FF
__end_ofi1___bmul                  text62       16CA
__fptable                          functab      003F
__initialization                   cinit        0015
__pbssBANK1                        bssBANK1     00A0
__pbssCOMMON                       bssCOMMON    007B
__pcstackBANK0                     cstackBANK0  0020
__pcstackBANK1                     cstackBANK1  00D2
__pcstackCOMMON                    cstackCOMMON 0070
__pdataBANK1                       dataBANK1    00E6
__pfunctab                         functab      003F
__pidataBANK1                      idataBANK1   15B9
__pintentry                        intentry     0004
__pmaintext                        maintext     058C
__pstrings                         strings      1000
__ptext1                           text1        170D
__ptext10                          text10       1695
__ptext11                          text11       1607
__ptext12                          text12       15C3
__ptext13                          text13       15BD
__ptext14                          text14       15E5
__ptext15                          text15       17CE
__ptext16                          text16       15B5
__ptext17                          text17       0801
__ptext18                          text18       164B
__ptext19                          text19       15A7
__ptext2                           text2        16CA
__ptext20                          text20       0B00
__ptext21                          text21       0940
__ptext22                          text22       06FF
__ptext23                          text23       0EFE
__ptext24                          text24       15B1
__ptext25                          text25       15DE
__ptext26                          text26       15AD
__ptext27                          text27       15D7
__ptext28                          text28       0D91
__ptext29                          text29       0E42
__ptext3                           text3        166F
__ptext30                          text30       0C5A
__ptext31                          text31       004E
__ptext32                          text32       1742
__ptext33                          text33       03AF
__ptext34                          text34       0B6C
__ptext35                          text35       15D0
__ptext36                          text36       15A9
__ptext37                          text37       15C9
__ptext38                          text38       0846
__ptext39                          text39       08B1
__ptext4                           text4        1663
__ptext40                          text40       07BD
__ptext41                          text41       0812
__ptext42                          text42       087B
__ptext43                          text43       0A37
__ptext44                          text44       1611
__ptext45                          text45       098D
__ptext46                          text46       09DC
__ptext47                          text47       0A97
__ptext48                          text48       176B
__ptext49                          text49       0BE0
__ptext5                           text5        15FE
__ptext50                          text50       16F6
__ptext51                          text51       15F5
__ptext52                          text52       08F7
__ptext53                          text53       16DF
__ptext54                          text54       1688
__ptext55                          text55       1727
__ptext56                          text56       163F
__ptext57                          text57       1633
__ptext58                          text58       1627
__ptext59                          text59       167B
__ptext6                           text6        16A2
__ptext60                          text60       179C
__ptext61                          text61       0CEE
__ptext62                          text62       16B5
__ptext7                           text7        1657
__ptext8                           text8        161C
__ptext9                           text9        07F3
__size_of_ADC_get_Sample           (abs)        0000
__size_of_ADC_init                 (abs)        0000
__size_of_Calc_avg_reading         (abs)        0000
__size_of_DISPLAY_TASK             (abs)        0000
__size_of_DISPLAY_TASK_init        (abs)        0000
__size_of_DOWN_switch_update       (abs)        0000
__size_of_EEPROM_Read              (abs)        0000
__size_of_EEPROM_Write             (abs)        0000
__size_of_EXT_INT_RB0_EN           (abs)        0000
__size_of_EXT_INT_RB0_init         (abs)        0000
__size_of_GOTO_SLEEP               (abs)        0000
__size_of_I2C_Master_Init          (abs)        0000
__size_of_I2C_Master_RepeatedStart (abs)        0000
__size_of_I2C_Master_Start         (abs)        0000
__size_of_I2C_Master_Stop          (abs)        0000
__size_of_I2C_Master_Wait          (abs)        0000
__size_of_I2C_Master_Write         (abs)        0000
__size_of_I2C_NACK                 (abs)        0000
__size_of_I2C_Read_Byte            (abs)        0000
__size_of_ISR                      (abs)        0000
__size_of_LED_init                 (abs)        0000
__size_of_LED_off                  (abs)        0000
__size_of_LED_on                   (abs)        0000
__size_of_LED_tog                  (abs)        0000
__size_of_LM35_Read_Temp           (abs)        0000
__size_of_LM35_init                (abs)        0000
__size_of_SCH_Add_Task             (abs)        0000
__size_of_SCH_Delete_Task          (abs)        0000
__size_of_SCH_Dispatch_Tasks       (abs)        0000
__size_of_SCH_Start                (abs)        0000
__size_of_SCH_Update_Task          (abs)        0000
__size_of_SCH_init_TMR1            (abs)        0000
__size_of_SSD_init                 (abs)        0000
__size_of_SSD_print_2dig           (abs)        0000
__size_of_SSD_turn_off             (abs)        0000
__size_of_SSD_update               (abs)        0000
__size_of_SYSTEM_STATE_UPDATE_TASK (abs)        0000
__size_of_SYSTEM_UPDATE_init       (abs)        0000
__size_of_SYSTEM_init              (abs)        0000
__size_of_TMR1_OVFINT_init         (abs)        0000
__size_of_TMR1_init                (abs)        0000
__size_of_TMR1_start               (abs)        0000
__size_of_Temp_Sens_Task           (abs)        0000
__size_of_Temp_Sens_Task_init      (abs)        0000
__size_of_UP_switch_update         (abs)        0000
__size_of__Umul8_16                (abs)        0000
__size_of___awdiv                  (abs)        0000
__size_of___awmod                  (abs)        0000
__size_of___bmul                   (abs)        0000
__size_of___fldiv                  (abs)        0000
__size_of___flmul                  (abs)        0000
__size_of___fltol                  (abs)        0000
__size_of___lwdiv                  (abs)        0000
__size_of___xxtofl                 (abs)        0000
__size_of__fptable                 (abs)        0000
__size_of_cooler_init              (abs)        0000
__size_of_cooler_off               (abs)        0000
__size_of_cooler_on                (abs)        0000
__size_of_heater_init              (abs)        0000
__size_of_heater_off               (abs)        0000
__size_of_heater_on                (abs)        0000
__size_of_keyboard_init            (abs)        0000
__size_of_main                     (abs)        0000
__size_ofi1___bmul                 (abs)        0000
__stringbase                       strings      1005
__stringtab                        strings      1000
_avg_temp_in_C                     bssBANK1     00BB
_blinking_state                    bssBANK1     00B6
_cooler_init                       text4        1663
_cooler_off                        text27       15D7
_cooler_on                         text26       15AD
_heater_init                       text3        166F
_heater_off                        text25       15DE
_heater_on                         text24       15B1
_keyboard_init                     text9        07F3
_main                              maintext     058C
_readings_arr                      bssBANK1     00C8
_temp_in_C                         bssBANK1     00C0
btemp                              (abs)        007E
clear_ram0                         clrtext      15ED
end_of_initialization              cinit        003B
fpbase                             functab      0044
fptable                            functab      003F
fptotal                            (abs)        0006
i1___bmul                          text62       16B5
i1___bmul@multiplicand             cstackCOMMON 0070
i1___bmul@multiplier               cstackCOMMON 0072
i1___bmul@product                  cstackCOMMON 0071
interrupt_function                 intentry     0004
intlevel0                          functab      003F
intlevel1                          functab      003F
intlevel2                          functab      003F
intlevel3                          functab      003F
intlevel4                          functab      003F
intlevel5                          functab      003F
reset_vec                          reset_vec    0000
saved_w                            (abs)        007E
start                              init         0012
start_initialization               cinit        0015
wtemp0                             (abs)        007E


FUNCTION INFORMATION:

 *************** function _main *****************
 Defined at:
		line 28 in file "main.c"
 Parameters:    Size  Location     Type
		None
 Auto vars:     Size  Location     Type
		None
 Return value:  Size  Location     Type
                  1    wreg      void 
 Registers used:
		wreg, fsr0l, fsr0h, status,2, status,0, btemp+1, pclath, cstack
 Tracked objects:
		On entry : 
		On exit  : 
		Unchanged: 
 Data sizes:     COMMON   BANK0   BANK1   BANK3   BANK2
      Params:         0       0       0       0       0
      Locals:         0       0       0       0       0
      Temps:          0       0       4       0       0
      Totals:         0       0       4       0       0
Total ram usage:        4 bytes
 Hardware stack levels required when called:    8
 This function calls:
		_EEPROM_Read
		_EEPROM_Write
		_GOTO_SLEEP
		_SCH_Add_Task
		_SCH_Dispatch_Tasks
		_SCH_Start
		_SCH_init_TMR1
		_SYSTEM_init
 This function is called by:
		Startup code after reset
 This function uses a non-reentrant model


 *************** function _SYSTEM_init *****************
 Defined at:
		line 79 in file "main.c"
 Parameters:    Size  Location     Type
		None
 Auto vars:     Size  Location     Type
		None
 Return value:  Size  Location     Type
                  1    wreg      void 
 Registers used:
		wreg, status,2, status,0, btemp+1, pclath, cstack
 Tracked objects:
		On entry : 
		On exit  : 
		Unchanged: 
 Data sizes:     COMMON   BANK0   BANK1   BANK3   BANK2
      Params:         0       0       0       0       0
      Locals:         0       0       0       0       0
      Temps:          0       0       0       0       0
      Totals:         0       0       0       0       0
Total ram usage:        0 bytes
 Hardware stack levels used:    1
 Hardware stack levels required when called:    6
 This function calls:
		_DISPLAY_TASK_init
		_EXT_INT_RB0_EN
		_EXT_INT_RB0_init
		_SYSTEM_UPDATE_init
		_Temp_Sens_Task_init
 This function is called by:
		_main
 This function uses a non-reentrant model


 *************** function _Temp_Sens_Task_init *****************
 Defined at:
		line 102 in file "Temp_Sens_Task.c"
 Parameters:    Size  Location     Type
		None
 Auto vars:     Size  Location     Type
		None
 Return value:  Size  Location     Type
                  1    wreg      void 
 Registers used:
		wreg, status,2, status,0, btemp+1, pclath, cstack
 Tracked objects:
		On entry : 
		On exit  : 
		Unchanged: 
 Data sizes:     COMMON   BANK0   BANK1   BANK3   BANK2
      Params:         0       0       0       0       0
      Locals:         0       0       0       0       0
      Temps:          0       0       0       0       0
      Totals:         0       0       0       0       0
Total ram usage:        0 bytes
 Hardware stack levels used:    1
 Hardware stack levels required when called:    5
 This function calls:
		_LED_init
		_LM35_init
		_cooler_init
		_heater_init
 This function is called by:
		_SYSTEM_init
 This function uses a non-reentrant model


 *************** function _heater_init *****************
 Defined at:
		line 16 in file "HEATER.c"
 Parameters:    Size  Location     Type
		None
 Auto vars:     Size  Location     Type
		None
 Return value:  Size  Location     Type
                  1    wreg      void 
 Registers used:
		wreg, status,2, status,0, btemp+1, pclath, cstack
 Tracked objects:
		On entry : 
		On exit  : 
		Unchanged: 
 Data sizes:     COMMON   BANK0   BANK1   BANK3   BANK2
      Params:         0       0       0       0       0
      Locals:         0       0       0       0       0
      Temps:          0       0       0       0       0
      Totals:         0       0       0       0       0
Total ram usage:        0 bytes
 Hardware stack levels used:    1
 Hardware stack levels required when called:    4
 This function calls:
		_heater_off
 This function is called by:
		_Temp_Sens_Task_init
 This function uses a non-reentrant model


 *************** function _cooler_init *****************
 Defined at:
		line 16 in file "COOLER.c"
 Parameters:    Size  Location     Type
		None
 Auto vars:     Size  Location     Type
		None
 Return value:  Size  Location     Type
                  1    wreg      void 
 Registers used:
		wreg, status,2, status,0, btemp+1, pclath, cstack
 Tracked objects:
		On entry : 
		On exit  : 
		Unchanged: 
 Data sizes:     COMMON   BANK0   BANK1   BANK3   BANK2
      Params:         0       0       0       0       0
      Locals:         0       0       0       0       0
      Temps:          0       0       0       0       0
      Totals:         0       0       0       0       0
Total ram usage:        0 bytes
 Hardware stack levels used:    1
 Hardware stack levels required when called:    4
 This function calls:
		_cooler_off
 This function is called by:
		_Temp_Sens_Task_init
 This function uses a non-reentrant model


 *************** function _LM35_init *****************
 Defined at:
		line 13 in file "LM35.c"
 Parameters:    Size  Location     Type
		None
 Auto vars:     Size  Location     Type
		None
 Return value:  Size  Location     Type
                  1    wreg      void 
 Registers used:
		status,2, status,0, pclath, cstack
 Tracked objects:
		On entry : 
		On exit  : 
		Unchanged: 
 Data sizes:     COMMON   BANK0   BANK1   BANK3   BANK2
      Params:         0       0       0       0       0
      Locals:         0       0       0       0       0
      Temps:          0       0       0       0       0
      Totals:         0       0       0       0       0
Total ram usage:        0 bytes
 Hardware stack levels used:    1
 Hardware stack levels required when called:    4
 This function calls:
		_ADC_init
 This function is called by:
		_Temp_Sens_Task_init
 This function uses a non-reentrant model


 *************** function _ADC_init *****************
 Defined at:
		line 10 in file "ADC.c"
 Parameters:    Size  Location     Type
		None
 Auto vars:     Size  Location     Type
		None
 Return value:  Size  Location     Type
                  1    wreg      void 
 Registers used:
		status,2
 Tracked objects:
		On entry : 
		On exit  : 
		Unchanged: 
 Data sizes:     COMMON   BANK0   BANK1   BANK3   BANK2
      Params:         0       0       0       0       0
      Locals:         0       0       0       0       0
      Temps:          0       0       0       0       0
      Totals:         0       0       0       0       0
Total ram usage:        0 bytes
 Hardware stack levels used:    1
 Hardware stack levels required when called:    3
 This function calls:
		Nothing
 This function is called by:
		_LM35_init
 This function uses a non-reentrant model


 *************** function _LED_init *****************
 Defined at:
		line 16 in file "LED.c"
 Parameters:    Size  Location     Type
		None
 Auto vars:     Size  Location     Type
		None
 Return value:  Size  Location     Type
                  1    wreg      void 
 Registers used:
		wreg, status,2, status,0, btemp+1, pclath, cstack
 Tracked objects:
		On entry : 
		On exit  : 
		Unchanged: 
 Data sizes:     COMMON   BANK0   BANK1   BANK3   BANK2
      Params:         0       0       0       0       0
      Locals:         0       0       0       0       0
      Temps:          0       0       0       0       0
      Totals:         0       0       0       0       0
Total ram usage:        0 bytes
 Hardware stack levels used:    1
 Hardware stack levels required when called:    4
 This function calls:
		_LED_off
 This function is called by:
		_Temp_Sens_Task_init
 This function uses a non-reentrant model


 *************** function _SYSTEM_UPDATE_init *****************
 Defined at:
		line 110 in file "SYSTEM_STATE_UPDATE_TASK.c"
 Parameters:    Size  Location     Type
		None
 Auto vars:     Size  Location     Type
		None
 Return value:  Size  Location     Type
                  1    wreg      void 
 Registers used:
		wreg, status,2, status,0, btemp+1, pclath, cstack
 Tracked objects:
		On entry : 
		On exit  : 
		Unchanged: 
 Data sizes:     COMMON   BANK0   BANK1   BANK3   BANK2
      Params:         0       0       0       0       0
      Locals:         0       0       0       0       0
      Temps:          0       0       0       0       0
      Totals:         0       0       0       0       0
Total ram usage:        0 bytes
 Hardware stack levels used:    1
 Hardware stack levels required when called:    4
 This function calls:
		_I2C_Master_Init
		_keyboard_init
 This function is called by:
		_SYSTEM_init
 This function uses a non-reentrant model


 *************** function _keyboard_init *****************
 Defined at:
		line 33 in file "KEYBOARD.c"
 Parameters:    Size  Location     Type
		None
 Auto vars:     Size  Location     Type
		None
 Return value:  Size  Location     Type
                  1    wreg      void 
 Registers used:
		wreg, status,2, status,0, btemp+1
 Tracked objects:
		On entry : 
		On exit  : 
		Unchanged: 
 Data sizes:     COMMON   BANK0   BANK1   BANK3   BANK2
      Params:         0       0       0       0       0
      Locals:         0       0       0       0       0
      Temps:          0       0       0       0       0
      Totals:         0       0       0       0       0
Total ram usage:        0 bytes
 Hardware stack levels used:    1
 Hardware stack levels required when called:    3
 This function calls:
		Nothing
 This function is called by:
		_SYSTEM_UPDATE_init
 This function uses a non-reentrant model


 *************** function _I2C_Master_Init *****************
 Defined at:
		line 15 in file "I2C.c"
 Parameters:    Size  Location     Type
		None
 Auto vars:     Size  Location     Type
		None
 Return value:  Size  Location     Type
                  1    wreg      void 
 Registers used:
		wreg, status,2
 Tracked objects:
		On entry : 
		On exit  : 
		Unchanged: 
 Data sizes:     COMMON   BANK0   BANK1   BANK3   BANK2
      Params:         0       0       0       0       0
      Locals:         0       0       0       0       0
      Temps:          0       0       0       0       0
      Totals:         0       0       0       0       0
Total ram usage:        0 bytes
 Hardware stack levels used:    1
 Hardware stack levels required when called:    3
 This function calls:
		Nothing
 This function is called by:
		_SYSTEM_UPDATE_init
 This function uses a non-reentrant model


 *************** function _EXT_INT_RB0_init *****************
 Defined at:
		line 10 in file "EXT_INT_RB0.c"
 Parameters:    Size  Location     Type
		None
 Auto vars:     Size  Location     Type
		None
 Return value:  Size  Location     Type
                  1    wreg      void 
 Registers used:
		wreg, status,2, status,0, btemp+1
 Tracked objects:
		On entry : 
		On exit  : 
		Unchanged: 
 Data sizes:     COMMON   BANK0   BANK1   BANK3   BANK2
      Params:         0       0       0       0       0
      Locals:         0       0       0       0       0
      Temps:          0       0       0       0       0
      Totals:         0       0       0       0       0
Total ram usage:        0 bytes
 Hardware stack levels used:    1
 Hardware stack levels required when called:    3
 This function calls:
		Nothing
 This function is called by:
		_SYSTEM_init
 This function uses a non-reentrant model


 *************** function _EXT_INT_RB0_EN *****************
 Defined at:
		line 28 in file "EXT_INT_RB0.c"
 Parameters:    Size  Location     Type
		None
 Auto vars:     Size  Location     Type
		None
 Return value:  Size  Location     Type
                  1    wreg      void 
 Registers used:
		wreg, status,2, status,0, btemp+1
 Tracked objects:
		On entry : 
		On exit  : 
		Unchanged: 
 Data sizes:     COMMON   BANK0   BANK1   BANK3   BANK2
      Params:         0       0       0       0       0
      Locals:         0       0       0       0       0
      Temps:          0       0       0       0       0
      Totals:         0       0       0       0       0
Total ram usage:        0 bytes
 Hardware stack levels used:    1
 Hardware stack levels required when called:    3
 This function calls:
		Nothing
 This function is called by:
		_SYSTEM_init
 This function uses a non-reentrant model


 *************** function _DISPLAY_TASK_init *****************
 Defined at:
		line 16 in file "DISPLAY_TASK.c"
 Parameters:    Size  Location     Type
		None
 Auto vars:     Size  Location     Type
		None
 Return value:  Size  Location     Type
                  1    wreg      void 
 Registers used:
		wreg, status,2, status,0, btemp+1, pclath, cstack
 Tracked objects:
		On entry : 
		On exit  : 
		Unchanged: 
 Data sizes:     COMMON   BANK0   BANK1   BANK3   BANK2
      Params:         0       0       0       0       0
      Locals:         0       0       0       0       0
      Temps:          0       0       0       0       0
      Totals:         0       0       0       0       0
Total ram usage:        0 bytes
 Hardware stack levels used:    1
 Hardware stack levels required when called:    4
 This function calls:
		_SSD_init
 This function is called by:
		_SYSTEM_init
 This function uses a non-reentrant model


 *************** function _SSD_init *****************
 Defined at:
		line 36 in file "SSD.c"
 Parameters:    Size  Location     Type
		None
 Auto vars:     Size  Location     Type
		None
 Return value:  Size  Location     Type
                  1    wreg      void 
 Registers used:
		wreg, status,2, status,0, btemp+1
 Tracked objects:
		On entry : 
		On exit  : 
		Unchanged: 
 Data sizes:     COMMON   BANK0   BANK1   BANK3   BANK2
      Params:         0       0       0       0       0
      Locals:         0       0       0       0       0
      Temps:          0       0       0       0       0
      Totals:         0       0       0       0       0
Total ram usage:        0 bytes
 Hardware stack levels used:    1
 Hardware stack levels required when called:    3
 This function calls:
		Nothing
 This function is called by:
		_DISPLAY_TASK_init
 This function uses a non-reentrant model


 *************** function _SCH_init_TMR1 *****************
 Defined at:
		line 15 in file "SCH_PIC16F877A.c"
 Parameters:    Size  Location     Type
		None
 Auto vars:     Size  Location     Type
  i               1    4[BANK0 ] unsigned char 
 Return value:  Size  Location     Type
                  1    wreg      void 
 Registers used:
		wreg, fsr0l, fsr0h, status,2, status,0, btemp+1, pclath, cstack
 Tracked objects:
		On entry : 
		On exit  : 
		Unchanged: 
 Data sizes:     COMMON   BANK0   BANK1   BANK3   BANK2
      Params:         0       0       0       0       0
      Locals:         0       1       0       0       0
      Temps:          0       0       0       0       0
      Totals:         0       1       0       0       0
Total ram usage:        1 bytes
 Hardware stack levels used:    1
 Hardware stack levels required when called:    5
 This function calls:
		_SCH_Delete_Task
		_TMR1_OVFINT_init
		_TMR1_init
		_TMR1_start
 This function is called by:
		_main
 This function uses a non-reentrant model


 *************** function _TMR1_start *****************
 Defined at:
		line 41 in file "TIMER1.c"
 Parameters:    Size  Location     Type
		None
 Auto vars:     Size  Location     Type
		None
 Return value:  Size  Location     Type
                  1    wreg      void 
 Registers used:
		None
 Tracked objects:
		On entry : 
		On exit  : 
		Unchanged: 
 Data sizes:     COMMON   BANK0   BANK1   BANK3   BANK2
      Params:         0       0       0       0       0
      Locals:         0       0       0       0       0
      Temps:          0       0       0       0       0
      Totals:         0       0       0       0       0
Total ram usage:        0 bytes
 Hardware stack levels used:    1
 Hardware stack levels required when called:    3
 This function calls:
		Nothing
 This function is called by:
		_SCH_init_TMR1
 This function uses a non-reentrant model


 *************** function _TMR1_init *****************
 Defined at:
		line 10 in file "TIMER1.c"
 Parameters:    Size  Location     Type
		None
 Auto vars:     Size  Location     Type
		None
 Return value:  Size  Location     Type
                  1    wreg      void 
 Registers used:
		wreg, status,2, status,0, btemp+1
 Tracked objects:
		On entry : 
		On exit  : 
		Unchanged: 
 Data sizes:     COMMON   BANK0   BANK1   BANK3   BANK2
      Params:         0       0       0       0       0
      Locals:         0       0       0       0       0
      Temps:          0       0       0       0       0
      Totals:         0       0       0       0       0
Total ram usage:        0 bytes
 Hardware stack levels used:    1
 Hardware stack levels required when called:    3
 This function calls:
		Nothing
 This function is called by:
		_SCH_init_TMR1
 This function uses a non-reentrant model


 *************** function _TMR1_OVFINT_init *****************
 Defined at:
		line 29 in file "TIMER1.c"
 Parameters:    Size  Location     Type
		None
 Auto vars:     Size  Location     Type
		None
 Return value:  Size  Location     Type
                  1    wreg      void 
 Registers used:
		wreg, status,2, status,0, btemp+1
 Tracked objects:
		On entry : 
		On exit  : 
		Unchanged: 
 Data sizes:     COMMON   BANK0   BANK1   BANK3   BANK2
      Params:         0       0       0       0       0
      Locals:         0       0       0       0       0
      Temps:          0       0       0       0       0
      Totals:         0       0       0       0       0
Total ram usage:        0 bytes
 Hardware stack levels used:    1
 Hardware stack levels required when called:    3
 This function calls:
		Nothing
 This function is called by:
		_SCH_init_TMR1
 This function uses a non-reentrant model


 *************** function _SCH_Start *****************
 Defined at:
		line 146 in file "SCH_PIC16F877A.c"
 Parameters:    Size  Location     Type
		None
 Auto vars:     Size  Location     Type
		None
 Return value:  Size  Location     Type
                  1    wreg      void 
 Registers used:
		None
 Tracked objects:
		On entry : 
		On exit  : 
		Unchanged: 
 Data sizes:     COMMON   BANK0   BANK1   BANK3   BANK2
      Params:         0       0       0       0       0
      Locals:         0       0       0       0       0
      Temps:          0       0       0       0       0
      Totals:         0       0       0       0       0
Total ram usage:        0 bytes
 Hardware stack levels used:    1
 Hardware stack levels required when called:    3
 This function calls:
		Nothing
 This function is called by:
		_main
 This function uses a non-reentrant model


 *************** function _SCH_Dispatch_Tasks *****************
 Defined at:
		line 122 in file "SCH_PIC16F877A.c"
 Parameters:    Size  Location     Type
		None
 Auto vars:     Size  Location     Type
  Index           1   79[BANK0 ] unsigned char 
 Return value:  Size  Location     Type
                  1    wreg      void 
 Registers used:
		wreg, fsr0l, fsr0h, status,2, status,0, btemp+1, pclath, cstack
 Tracked objects:
		On entry : 
		On exit  : 
		Unchanged: 
 Data sizes:     COMMON   BANK0   BANK1   BANK3   BANK2
      Params:         0       0       0       0       0
      Locals:         0       1       0       0       0
      Temps:          0       0       2       0       0
      Totals:         0       1       2       0       0
Total ram usage:        3 bytes
 Hardware stack levels used:    1
 Hardware stack levels required when called:    7
 This function calls:
		Absolute function
		_DISPLAY_TASK
		_SCH_Delete_Task
		_SYSTEM_STATE_UPDATE_TASK
		_Temp_Sens_Task
		___bmul
 This function is called by:
		_main
 This function uses a non-reentrant model


 *************** function _DISPLAY_TASK *****************
 Defined at:
		line 21 in file "DISPLAY_TASK.c"
 Parameters:    Size  Location     Type
		None
 Auto vars:     Size  Location     Type
		None
 Return value:  Size  Location     Type
                  1    wreg      void 
 Registers used:
		wreg, fsr0l, fsr0h, status,2, status,0, btemp+1, pclath, cstack
 Tracked objects:
		On entry : 
		On exit  : 
		Unchanged: 
 Data sizes:     COMMON   BANK0   BANK1   BANK3   BANK2
      Params:         0       0       0       0       0
      Locals:         0       0       0       0       0
      Temps:          0       2       0       0       0
      Totals:         0       2       0       0       0
Total ram usage:        2 bytes
 Hardware stack levels used:    1
 Hardware stack levels required when called:    5
 This function calls:
		_SSD_print_2dig
		_SSD_turn_off
 This function is called by:
		_main
		_SCH_Dispatch_Tasks
 This function uses a non-reentrant model


 *************** function _SYSTEM_STATE_UPDATE_TASK *****************
 Defined at:
		line 31 in file "SYSTEM_STATE_UPDATE_TASK.c"
 Parameters:    Size  Location     Type
		None
 Auto vars:     Size  Location     Type
		None
 Return value:  Size  Location     Type
                  1    wreg      void 
 Registers used:
		wreg, fsr0l, fsr0h, status,2, status,0, btemp+1, pclath, cstack
 Tracked objects:
		On entry : 
		On exit  : 
		Unchanged: 
 Data sizes:     COMMON   BANK0   BANK1   BANK3   BANK2
      Params:         0       0       0       0       0
      Locals:         0       0       0       0       0
      Temps:          0       2       0       0       0
      Totals:         0       2       0       0       0
Total ram usage:        2 bytes
 Hardware stack levels used:    1
 Hardware stack levels required when called:    6
 This function calls:
		_DOWN_switch_update
		_EEPROM_Write
		_UP_switch_update
 This function is called by:
		_main
		_SCH_Dispatch_Tasks
 This function uses a non-reentrant model


 *************** function _Temp_Sens_Task *****************
 Defined at:
		line 29 in file "Temp_Sens_Task.c"
 Parameters:    Size  Location     Type
		None
 Auto vars:     Size  Location     Type
		None
 Return value:  Size  Location     Type
                  1    wreg      void 
 Registers used:
		wreg, fsr0l, fsr0h, status,2, status,0, btemp+1, pclath, cstack
 Tracked objects:
		On entry : 
		On exit  : 
		Unchanged: 
 Data sizes:     COMMON   BANK0   BANK1   BANK3   BANK2
      Params:         0       0       0       0       0
      Locals:         0       0       0       0       0
      Temps:          0       0       2       0       0
      Totals:         0       0       2       0       0
Total ram usage:        2 bytes
 Hardware stack levels used:    1
 Hardware stack levels required when called:    6
 This function calls:
		_Calc_avg_reading
		_LED_off
		_LED_on
		_LED_tog
		_LM35_Read_Temp
		_cooler_off
		_cooler_on
		_heater_off
		_heater_on
 This function is called by:
		_main
		_SCH_Dispatch_Tasks
 This function uses a non-reentrant model


 *************** function _heater_on *****************
 Defined at:
		line 23 in file "HEATER.c"
 Parameters:    Size  Location     Type
		None
 Auto vars:     Size  Location     Type
		None
 Return value:  Size  Location     Type
                  1    wreg      void 
 Registers used:
		None
 Tracked objects:
		On entry : 
		On exit  : 
		Unchanged: 
 Data sizes:     COMMON   BANK0   BANK1   BANK3   BANK2
      Params:         0       0       0       0       0
      Locals:         0       0       0       0       0
      Temps:          0       0       0       0       0
      Totals:         0       0       0       0       0
Total ram usage:        0 bytes
 Hardware stack levels used:    1
 Hardware stack levels required when called:    3
 This function calls:
		Nothing
 This function is called by:
		_Temp_Sens_Task
 This function uses a non-reentrant model


 *************** function _heater_off *****************
 Defined at:
		line 28 in file "HEATER.c"
 Parameters:    Size  Location     Type
		None
 Auto vars:     Size  Location     Type
		None
 Return value:  Size  Location     Type
                  1    wreg      void 
 Registers used:
		wreg, status,2, status,0, btemp+1
 Tracked objects:
		On entry : 
		On exit  : 
		Unchanged: 
 Data sizes:     COMMON   BANK0   BANK1   BANK3   BANK2
      Params:         0       0       0       0       0
      Locals:         0       0       0       0       0
      Temps:          0       0       0       0       0
      Totals:         0       0       0       0       0
Total ram usage:        0 bytes
 Hardware stack levels used:    1
 Hardware stack levels required when called:    3
 This function calls:
		Nothing
 This function is called by:
		_heater_init
		_Temp_Sens_Task
 This function uses a non-reentrant model


 *************** function _cooler_on *****************
 Defined at:
		line 23 in file "COOLER.c"
 Parameters:    Size  Location     Type
		None
 Auto vars:     Size  Location     Type
		None
 Return value:  Size  Location     Type
                  1    wreg      void 
 Registers used:
		None
 Tracked objects:
		On entry : 
		On exit  : 
		Unchanged: 
 Data sizes:     COMMON   BANK0   BANK1   BANK3   BANK2
      Params:         0       0       0       0       0
      Locals:         0       0       0       0       0
      Temps:          0       0       0       0       0
      Totals:         0       0       0       0       0
Total ram usage:        0 bytes
 Hardware stack levels used:    1
 Hardware stack levels required when called:    3
 This function calls:
		Nothing
 This function is called by:
		_Temp_Sens_Task
 This function uses a non-reentrant model


 *************** function _cooler_off *****************
 Defined at:
		line 28 in file "COOLER.c"
 Parameters:    Size  Location     Type
		None
 Auto vars:     Size  Location     Type
		None
 Return value:  Size  Location     Type
                  1    wreg      void 
 Registers used:
		wreg, status,2, status,0, btemp+1
 Tracked objects:
		On entry : 
		On exit  : 
		Unchanged: 
 Data sizes:     COMMON   BANK0   BANK1   BANK3   BANK2
      Params:         0       0       0       0       0
      Locals:         0       0       0       0       0
      Temps:          0       0       0       0       0
      Totals:         0       0       0       0       0
Total ram usage:        0 bytes
 Hardware stack levels used:    1
 Hardware stack levels required when called:    3
 This function calls:
		Nothing
 This function is called by:
		_cooler_init
		_Temp_Sens_Task
 This function uses a non-reentrant model


 *************** function _LM35_Read_Temp *****************
 Defined at:
		line 19 in file "LM35.c"
 Parameters:    Size  Location     Type
		None
 Auto vars:     Size  Location     Type
		None
 Return value:  Size  Location     Type
                  1    wreg      void 
 Registers used:
		wreg, status,2, status,0, btemp+1, pclath, cstack
 Tracked objects:
		On entry : 
		On exit  : 
		Unchanged: 
 Data sizes:     COMMON   BANK0   BANK1   BANK3   BANK2
      Params:         0       0       0       0       0
      Locals:         0       0       4       0       0
      Temps:          0       0       4       0       0
      Totals:         0       0       8       0       0
Total ram usage:        8 bytes
 Hardware stack levels used:    1
 Hardware stack levels required when called:    5
 This function calls:
		_ADC_get_Sample
		___fldiv
		___flmul
		___fltol
		___xxtofl
 This function is called by:
		_Temp_Sens_Task
 This function uses a non-reentrant model


 *************** function ___xxtofl *****************
 Defined at:
		line 10 in file "C:\Program Files\Microchip\xc8\v2.20\pic\sources\c90\common\xxtofl.c"
 Parameters:    Size  Location     Type
  sign            1    wreg     unsigned char 
  val             4    7[BANK0 ] long 
 Auto vars:     Size  Location     Type
  sign            1   15[BANK0 ] unsigned char 
  arg             4   17[BANK0 ] unsigned long 
  exp             1   16[BANK0 ] unsigned char 
 Return value:  Size  Location     Type
                  4    7[BANK0 ] unsigned char 
 Registers used:
		wreg, status,2, status,0, btemp+1
 Tracked objects:
		On entry : 
		On exit  : 
		Unchanged: 
 Data sizes:     COMMON   BANK0   BANK1   BANK3   BANK2
      Params:         0       4       0       0       0
      Locals:         0       6       0       0       0
      Temps:          0       4       0       0       0
      Totals:         0      14       0       0       0
Total ram usage:       14 bytes
 Hardware stack levels used:    1
 Hardware stack levels required when called:    3
[...]
Total ram usage:        2 bytes
 Hardware stack levels used:    1
 Hardware stack levels required when called:    3
 This function calls:
		Nothing
 This function is called by:
		_SSD_print_2dig
 This function uses a non-reentrant model


 *************** function _SCH_Add_Task *****************
 Defined at:
		line 94 in file "SCH_PIC16F877A.c"
 Parameters:    Size  Location     Type
  ptr_fun         1    wreg     PTR FTN()void 
		 -> DISPLAY_TASK(1), Temp_Sens_Task(1), SYSTEM_STATE_UPDATE_TASK(1), 
  Delay           2    3[BANK0 ] const unsigned short 
  Period          2    5[BANK0 ] const unsigned short 
 Auto vars:     Size  Location     Type
  ptr_fun         1    7[BANK0 ] PTR FTN()void 
		 -> DISPLAY_TASK(1), Temp_Sens_Task(1), SYSTEM_STATE_UPDATE_TASK(1), 
  Index           1    8[BANK0 ] unsigned char 
 Return value:  Size  Location     Type
                  1    wreg      unsigned char 
 Registers used:
		wreg, fsr0l, fsr0h, status,2, status,0, btemp+1, pclath, cstack
 Tracked objects:
		On entry : 
		On exit  : 
		Unchanged: 
 Data sizes:     COMMON   BANK0   BANK1   BANK3   BANK2
      Params:         0       4       0       0       0
      Locals:         0       2       0       0       0
      Temps:          0       0       0       0       0
      Totals:         0       6       0       0       0
Total ram usage:        6 bytes
 Hardware stack levels used:    1
 Hardware stack levels required when called:    4
 This function calls:
		___bmul
 This function is called by:
		_main
 This function uses a non-reentrant model


 *************** function ___bmul *****************
 Defined at:
		line 4 in file "C:\Program Files\Microchip\xc8\v2.20\pic\sources\c90\common\Umul8.c"
 Parameters:    Size  Location     Type
  multiplier      1    wreg     unsigned char 
  multiplicand    1    0[BANK0 ] unsigned char 
 Auto vars:     Size  Location     Type
  multiplier      1    2[BANK0 ] unsigned char 
  product         1    1[BANK0 ] unsigned char 
 Return value:  Size  Location     Type
                  1    wreg      unsigned char 
 Registers used:
		wreg, status,2, status,0, btemp+1
 Tracked objects:
		On entry : 
		On exit  : 
		Unchanged: 
 Data sizes:     COMMON   BANK0   BANK1   BANK3   BANK2
      Params:         0       1       0       0       0
      Locals:         0       2       0       0       0
      Temps:          0       0       0       0       0
      Totals:         0       3       0       0       0
Total ram usage:        3 bytes
 Hardware stack levels used:    1
 Hardware stack levels required when called:    3
 This function calls:
		Nothing
 This function is called by:
		_SCH_Update_Task
		_SCH_Add_Task
		_SCH_Dispatch_Tasks
		_SCH_Delete_Task
 This function uses a non-reentrant model


 *************** function _GOTO_SLEEP *****************
 Defined at:
		line 12 in file "SLEEP.c"
 Parameters:    Size  Location     Type
		None
 Auto vars:     Size  Location     Type
		None
 Return value:  Size  Location     Type
                  1    wreg      void 
 Registers used:
		status,2
 Tracked objects:
		On entry : 
		On exit  : 
		Unchanged: 
 Data sizes:     COMMON   BANK0   BANK1   BANK3   BANK2
      Params:         0       0       0       0       0
      Locals:         0       0       0       0       0
      Temps:          0       0       0       0       0
      Totals:         0       0       0       0       0
Total ram usage:        0 bytes
 Hardware stack levels used:    1
 Hardware stack levels required when called:    3
 This function calls:
		Nothing
 This function is called by:
		_main
 This function uses a non-reentrant model


 *************** function _EEPROM_Read *****************
 Defined at:
		line 24 in file "EEPROM_I2C.c"
 Parameters:    Size  Location     Type
  add             2    2[BANK0 ] unsigned int 
 Auto vars:     Size  Location     Type
  Data            1    4[BANK0 ] unsigned char 
 Return value:  Size  Location     Type
                  1    wreg      unsigned char 
 Registers used:
		wreg, status,2, status,0, btemp+1, pclath, cstack
 Tracked objects:
		On entry : 
		On exit  : 
		Unchanged: 
 Data sizes:     COMMON   BANK0   BANK1   BANK3   BANK2
      Params:         0       2       0       0       0
      Locals:         0       1       0       0       0
      Temps:          0       0       0       0       0
      Totals:         0       3       0       0       0
Total ram usage:        3 bytes
 Hardware stack levels used:    1
 Hardware stack levels required when called:    5
 This function calls:
		_I2C_Master_RepeatedStart
		_I2C_Master_Start
		_I2C_Master_Stop
		_I2C_Master_Write
		_I2C_NACK
		_I2C_Read_Byte
 This function is called by:
		_main
 This function uses a non-reentrant model


 *************** function _I2C_Read_Byte *****************
 Defined at:
		line 79 in file "I2C.c"
 Parameters:    Size  Location     Type
		None
 Auto vars:     Size  Location     Type
		None
 Return value:  Size  Location     Type
                  1    wreg      unsigned char 
 Registers used:
		wreg, status,2, status,0, pclath, cstack
 Tracked objects:
		On entry : 
		On exit  : 
		Unchanged: 
 Data sizes:     COMMON   BANK0   BANK1   BANK3   BANK2
      Params:         0       0       0       0       0
      Locals:         0       0       0       0       0
      Temps:          0       0       0       0       0
      Totals:         0       0       0       0       0
Total ram usage:        0 bytes
 Hardware stack levels used:    1
 Hardware stack levels required when called:    4
 This function calls:
		_I2C_Master_Wait
 This function is called by:
		_EEPROM_Read
 This function uses a non-reentrant model


 *************** function _I2C_NACK *****************
 Defined at:
		line 59 in file "I2C.c"
 Parameters:    Size  Location     Type
		None
 Auto vars:     Size  Location     Type
		None
 Return value:  Size  Location     Type
                  1    wreg      void 
 Registers used:
		wreg, status,2, status,0, pclath, cstack
 Tracked objects:
		On entry : 
		On exit  : 
		Unchanged: 
 Data sizes:     COMMON   BANK0   BANK1   BANK3   BANK2
      Params:         0       0       0       0       0
      Locals:         0       0       0       0       0
      Temps:          0       0       0       0       0
      Totals:         0       0       0       0       0
Total ram usage:        0 bytes
 Hardware stack levels used:    1
 Hardware stack levels required when called:    4
 This function calls:
		_I2C_Master_Wait
 This function is called by:
		_EEPROM_Read
 This function uses a non-reentrant model


 *************** function _I2C_Master_Write *****************
 Defined at:
		line 69 in file "I2C.c"
 Parameters:    Size  Location     Type
  Data            1    wreg     unsigned char 
 Auto vars:     Size  Location     Type
  Data            1    1[BANK0 ] unsigned char 
 Return value:  Size  Location     Type
                  1    wreg      unsigned char 
 Registers used:
		wreg, status,2, status,0, pclath, cstack
 Tracked objects:
		On entry : 
		On exit  : 
		Unchanged: 
 Data sizes:     COMMON   BANK0   BANK1   BANK3   BANK2
      Params:         0       0       0       0       0
      Locals:         0       1       0       0       0
      Temps:          0       1       0       0       0
      Totals:         0       2       0       0       0
Total ram usage:        2 bytes
 Hardware stack levels used:    1
 Hardware stack levels required when called:    4
 This function calls:
		_I2C_Master_Wait
 This function is called by:
		_EEPROM_Write
		_EEPROM_Read
 This function uses a non-reentrant model


 *************** function _I2C_Master_Stop *****************
 Defined at:
		line 33 in file "I2C.c"
 Parameters:    Size  Location     Type
		None
 Auto vars:     Size  Location     Type
		None
 Return value:  Size  Location     Type
                  1    wreg      void 
 Registers used:
		wreg, status,2, status,0, pclath, cstack
 Tracked objects:
		On entry : 
		On exit  : 
		Unchanged: 
 Data sizes:     COMMON   BANK0   BANK1   BANK3   BANK2
      Params:         0       0       0       0       0
      Locals:         0       0       0       0       0
      Temps:          0       0       0       0       0
      Totals:         0       0       0       0       0
Total ram usage:        0 bytes
 Hardware stack levels used:    1
 Hardware stack levels required when called:    4
 This function calls:
		_I2C_Master_Wait
 This function is called by:
		_EEPROM_Write
		_EEPROM_Read
 This function uses a non-reentrant model


 *************** function _I2C_Master_Start *****************
 Defined at:
		line 25 in file "I2C.c"
 Parameters:    Size  Location     Type
		None
 Auto vars:     Size  Location     Type
		None
 Return value:  Size  Location     Type
                  1    wreg      void 
 Registers used:
		wreg, status,2, status,0, pclath, cstack
 Tracked objects:
		On entry : 
		On exit  : 
		Unchanged: 
 Data sizes:     COMMON   BANK0   BANK1   BANK3   BANK2
      Params:         0       0       0       0       0
      Locals:         0       0       0       0       0
      Temps:          0       0       0       0       0
      Totals:         0       0       0       0       0
Total ram usage:        0 bytes
 Hardware stack levels used:    1
 Hardware stack levels required when called:    4
 This function calls:
		_I2C_Master_Wait
 This function is called by:
		_EEPROM_Write
		_EEPROM_Read
 This function uses a non-reentrant model


 *************** function _I2C_Master_RepeatedStart *****************
 Defined at:
		line 41 in file "I2C.c"
 Parameters:    Size  Location     Type
		None
 Auto vars:     Size  Location     Type
		None
 Return value:  Size  Location     Type
                  1    wreg      void 
 Registers used:
		wreg, status,2, status,0, pclath, cstack
 Tracked objects:
		On entry : 
		On exit  : 
		Unchanged: 
 Data sizes:     COMMON   BANK0   BANK1   BANK3   BANK2
      Params:         0       0       0       0       0
      Locals:         0       0       0       0       0
      Temps:          0       0       0       0       0
      Totals:         0       0       0       0       0
Total ram usage:        0 bytes
 Hardware stack levels used:    1
 Hardware stack levels required when called:    4
 This function calls:
		_I2C_Master_Wait
 This function is called by:
		_EEPROM_Write
		_EEPROM_Read
 This function uses a non-reentrant model


 *************** function _I2C_Master_Wait *****************
 Defined at:
		line 10 in file "I2C.c"
 Parameters:    Size  Location     Type
		None
 Auto vars:     Size  Location     Type
		None
 Return value:  Size  Location     Type
                  1    wreg      void 
 Registers used:
		wreg, status,2
 Tracked objects:
		On entry : 
		On exit  : 
		Unchanged: 
 Data sizes:     COMMON   BANK0   BANK1   BANK3   BANK2
      Params:         0       0       0       0       0
      Locals:         0       0       0       0       0
      Temps:          0       0       0       0       0
      Totals:         0       0       0       0       0
Total ram usage:        0 bytes
 Hardware stack levels used:    1
 Hardware stack levels required when called:    3
 This function calls:
		Nothing
 This function is called by:
		_I2C_Master_Start
		_I2C_Master_Stop
		_I2C_Master_RepeatedStart
		_I2C_NACK
		_I2C_Master_Write
		_I2C_Read_Byte
		_I2C_ACK
 This function uses a non-reentrant model


 *************** function _ISR *****************
 Defined at:
		line 88 in file "main.c"
 Parameters:    Size  Location     Type
		None
 Auto vars:     Size  Location     Type
		None
 Return value:  Size  Location     Type
                  1    wreg      void 
 Registers used:
		wreg, fsr0l, fsr0h, status,2, status,0, btemp+1, pclath, cstack
 Tracked objects:
		On entry : 
		On exit  : 
		Unchanged: 
 Data sizes:     COMMON   BANK0   BANK1   BANK3   BANK2
      Params:         0       0       0       0       0
      Locals:         0       0       0       0       0
      Temps:          5       0       0       0       0
      Totals:         5       0       0       0       0
Total ram usage:        5 bytes
 Hardware stack levels used:    1
 Hardware stack levels required when called:    2
 This function calls:
		_SCH_Update_Task
 This function is called by:
		Interrupt level 1
 This function uses a non-reentrant model


 *************** function _SCH_Update_Task *****************
 Defined at:
		line 45 in file "SCH_PIC16F877A.c"
 Parameters:    Size  Location     Type
		None
 Auto vars:     Size  Location     Type
  Index           1    5[COMMON] unsigned char 
 Return value:  Size  Location     Type
                  1    wreg      void 
 Registers used:
		wreg, fsr0l, fsr0h, status,2, status,0, btemp+1, pclath, cstack
 Tracked objects:
		On entry : 
		On exit  : 
		Unchanged: 
 Data sizes:     COMMON   BANK0   BANK1   BANK3   BANK2
      Params:         0       0       0       0       0
      Locals:         1       0       0       0       0
      Temps:          2       0       0       0       0
      Totals:         3       0       0       0       0
Total ram usage:        3 bytes
 Hardware stack levels used:    1
 Hardware stack levels required when called:    1
 This function calls:
		i1___bmul
 This function is called by:
		_ISR
 This function uses a non-reentrant model


 *************** function i1___bmul *****************
 Defined at:
		line 4 in file "C:\Program Files\Microchip\xc8\v2.20\pic\sources\c90\common\Umul8.c"
 Parameters:    Size  Location     Type
  multiplier      1    wreg     unsigned char 
  multiplicand    1    0[COMMON] unsigned char 
 Auto vars:     Size  Location     Type
  multiplier      1    2[COMMON] unsigned char 
  product         1    1[COMMON] unsigned char 
 Return value:  Size  Location     Type
                  1    wreg      unsigned char 
 Registers used:
		wreg, status,2, status,0, btemp+1
 Tracked objects:
		On entry : 
		On exit  : 
		Unchanged: 
 Data sizes:     COMMON   BANK0   BANK1   BANK3   BANK2
      Params:         1       0       0       0       0
      Locals:         2       0       0       0       0
      Temps:          0       0       0       0       0
      Totals:         3       0       0       0       0
Total ram usage:        3 bytes
 Hardware stack levels used:    1
 This function calls:
		Nothing
 This function is called by:
		_SCH_Update_Task
 This function uses a non-reentrant model



MODULE INFORMATION

Module		Function		Class		Link	Load	Size
HEATER.c
		_heater_on     		CODE           	15B1	0000	5
		_heater_off    		CODE           	15DE	0000	8
		_heater_init   		CODE           	166F	0000	13

HEATER.c estimated size: 26

TIMER1.c
		_TMR1_start    		CODE           	15B5	0000	5
		_TMR1_OVFINT_init		CODE           	164B	0000	13
		_TMR1_init     		CODE           	0801	0000	18

TIMER1.c estimated size: 36

COOLER.c
		_cooler_on     		CODE           	15AD	0000	5
		_cooler_off    		CODE           	15D7	0000	8
		_cooler_init   		CODE           	1663	0000	13

COOLER.c estimated size: 26

LED.c
		_LED_on        		CODE           	15A9	0000	5
		_LED_tog       		CODE           	15D0	0000	8
		_LED_init      		CODE           	1657	0000	13
		_LED_off       		CODE           	15C9	0000	8

LED.c estimated size: 34

SYSTEM_STATE_UPDATE_TASK.c
		_SYSTEM_UPDATE_init		CODE           	161C	0000	12
		_SYSTEM_STATE_UPDATE_TASK		CODE           	06FF	0000	191

SYSTEM_STATE_UPDATE_TASK.c estimated size: 203

EEPROM_I2C.c
		_EEPROM_Read   		CODE           	08F7	0000	74
		_EEPROM_Write  		CODE           	0812	0000	53

EEPROM_I2C.c estimated size: 127

SSD.c
		_SSD_update    		CODE           	176B	0000	50
		_SSD_turn_off  		CODE           	1611	0000	12
		_SSD_print_2dig		CODE           	098D	0000	80
		_SSD_init      		CODE           	15E5	0000	9

SSD.c estimated size: 151

C:\Program Files\Microchip\xc8\v2.20\pic\sources\c90\common\Umul8_16.c
		__Umul8_16     		CODE           	1742	0000	42

C:\Program Files\Microchip\xc8\v2.20\pic\sources\c90\common\Umul8_16.c estimated size: 42

KEYBOARD.c
		_keyboard_init 		CODE           	07F3	0000	14
		_UP_switch_update		CODE           	07BD	0000	55
		_DOWN_switch_update		CODE           	087B	0000	55

KEYBOARD.c estimated size: 124

I2C.c
		_I2C_Master_Wait		CODE           	167B	0000	14
		_I2C_Master_Init		CODE           	1695	0000	14
		_I2C_Master_Stop		CODE           	163F	0000	13
		_I2C_Master_RepeatedStart		CODE           	1627	0000	13
		_I2C_Read_Byte 		CODE           	16DF	0000	24
		_I2C_Master_Write		CODE           	1727	0000	28
		_I2C_NACK      		CODE           	1688	0000	14
		_I2C_Master_Start		CODE           	1633	0000	13

I2C.c estimated size: 133

C:\Program Files\Microchip\xc8\v2.20\pic\sources\c90\common\xxtofl.c
		___xxtofl      		CODE           	0E42	0000	189

C:\Program Files\Microchip\xc8\v2.20\pic\sources\c90\common\xxtofl.c estimated size: 189

DISPLAY_TASK.c
		_DISPLAY_TASK  		CODE           	0940	0000	78
		_DISPLAY_TASK_init		CODE           	15BD	0000	7

DISPLAY_TASK.c estimated size: 85

C:\Program Files\Microchip\xc8\v2.20\pic\sources\c90\common\awmod.c
		___awmod       		CODE           	09DC	0000	92

C:\Program Files\Microchip\xc8\v2.20\pic\sources\c90\common\awmod.c estimated size: 92

shared
		__stringtab    		STRING         	1000	0000	7
		__initialization		CODE           	0015	0000	39
		__fptable      		ENTRY          	003F	0000	16
		i1___bmul      		CODE           	16B5	0000	22
		_SSD_codes     		STRING         	1006	0000	21

shared estimated size: 105

LM35.c
		_LM35_init     		CODE           	15FE	0000	10
		_LM35_Read_Temp		CODE           	0D91	0000	178

LM35.c estimated size: 188

Temp_Sens_Task.c
		_Calc_avg_reading		CODE           	0846	0000	54
		_Temp_Sens_Task		CODE           	0EFE	0000	259
		_Temp_Sens_Task_init		CODE           	16CA	0000	22

Temp_Sens_Task.c estimated size: 335

ADC.c
		_ADC_init      		CODE           	16A2	0000	20
		_ADC_get_Sample		CODE           	0B6C	0000	117

ADC.c estimated size: 137

C:\Program Files\Microchip\xc8\v2.20\pic\sources\c90\common\lwdiv.c
		___lwdiv       		CODE           	08B1	0000	71

C:\Program Files\Microchip\xc8\v2.20\pic\sources\c90\common\lwdiv.c estimated size: 71

C:\Program Files\Microchip\xc8\v2.20\pic\sources\c90\common\fltol.c
		___fltol       		CODE           	0C5A	0000	149

C:\Program Files\Microchip\xc8\v2.20\pic\sources\c90\common\fltol.c estimated size: 149

C:\Program Files\Microchip\xc8\v2.20\pic\sources\c90\common\Umul8.c
		___bmul        		CODE           	16F6	0000	24

C:\Program Files\Microchip\xc8\v2.20\pic\sources\c90\common\Umul8.c estimated size: 24

C:\Program Files\Microchip\xc8\v2.20\pic\sources\c90\common\sprcmul.c
		___flmul       		CODE           	004E	0000	866

C:\Program Files\Microchip\xc8\v2.20\pic\sources\c90\common\sprcmul.c estimated size: 866

SLEEP.c
		_GOTO_SLEEP    		CODE           	15F5	0000	10

SLEEP.c estimated size: 10

EXT_INT_RB0.c
		_EXT_INT_RB0_init		CODE           	1607	0000	11
		_EXT_INT_RB0_EN		CODE           	15C3	0000	7

EXT_INT_RB0.c estimated size: 18

main.c
		_ISR           		CODE           	179C	0000	51
		_main          		CODE           	058C	0000	372
		_SYSTEM_init   		CODE           	170D	0000	27

main.c estimated size: 450

C:\Program Files\Microchip\xc8\v2.20\pic\sources\c90\common\sprcdiv.c
		___fldiv       		CODE           	03AF	0000	478

C:\Program Files\Microchip\xc8\v2.20\pic\sources\c90\common\sprcdiv.c estimated size: 478

SCH_PIC16F877A.c
		_SCH_Add_Task  		CODE           	0BE0	0000	123
		_SCH_Update_Task		CODE           	0CEE	0000	164
		_SCH_Dispatch_Tasks		CODE           	0B00	0000	109
		_SCH_Start     		CODE           	15A7	0000	3
		_SCH_init_TMR1 		CODE           	17CE	0000	51
		_SCH_Delete_Task		CODE           	0A37	0000	97

SCH_PIC16F877A.c estimated size: 547

C:\Program Files\Microchip\xc8\v2.20\pic\sources\c90\common\awdiv.c
		___awdiv       		CODE           	0A97	0000	106

C:\Program Files\Microchip\xc8\v2.20\pic\sources\c90\common\awdiv.c estimated size: 106

